// Jest Snapshot v1, https://goo.gl/fbAQLP

exports[`Greetings matches the snapshot when a name is passed 1`] = `
Object {
  "asFragment": [Function],
  "baseElement": <body>
    <div>
      <div
        class="d-flex flex-column justify-center align-items-center "
      >
        <h1>
          Employee Polls
        </h1>
        <img
          src="login_img.jpg"
        />
        <div
          class="d-flex flex-column justify-center align-items-center w-100"
        >
          <h3>
            Login
          </h3>
          
           
          <div
            class="d-flex flex-column justify-center align-items-center w-100"
          >
            <label
              class="p-3"
            >
              Username
            </label>
            <input
              class="w-100 input-login"
              placeholder="Username"
              value=""
            />
          </div>
          <div
            class="d-flex flex-column justify-center align-items-center w-100"
          >
            <label
              class="p-3 "
            >
              Password
            </label>
            <input
              class="w-100 input-login"
              placeholder="Password"
              value=""
            />
          </div>
          <div
            class="login-button "
          >
            Submit
          </div>
        </div>
      </div>
    </div>
  </body>,
  "container": <div>
    <div
      class="d-flex flex-column justify-center align-items-center "
    >
      <h1>
        Employee Polls
      </h1>
      <img
        src="login_img.jpg"
      />
      <div
        class="d-flex flex-column justify-center align-items-center w-100"
      >
        <h3>
          Login
        </h3>
        
         
        <div
          class="d-flex flex-column justify-center align-items-center w-100"
        >
          <label
            class="p-3"
          >
            Username
          </label>
          <input
            class="w-100 input-login"
            placeholder="Username"
            value=""
          />
        </div>
        <div
          class="d-flex flex-column justify-center align-items-center w-100"
        >
          <label
            class="p-3 "
          >
            Password
          </label>
          <input
            class="w-100 input-login"
            placeholder="Password"
            value=""
          />
        </div>
        <div
          class="login-button "
        >
          Submit
        </div>
      </div>
    </div>
  </div>,
  "debug": [Function],
  "findAllByAltText": [Function],
  "findAllByDisplayValue": [Function],
  "findAllByLabelText": [Function],
  "findAllByPlaceholderText": [Function],
  "findAllByRole": [Function],
  "findAllByTestId": [Function],
  "findAllByText": [Function],
  "findAllByTitle": [Function],
  "findByAltText": [Function],
  "findByDisplayValue": [Function],
  "findByLabelText": [Function],
  "findByPlaceholderText": [Function],
  "findByRole": [Function],
  "findByTestId": [Function],
  "findByText": [Function],
  "findByTitle": [Function],
  "getAllByAltText": [Function],
  "getAllByDisplayValue": [Function],
  "getAllByLabelText": [Function],
  "getAllByPlaceholderText": [Function],
  "getAllByRole": [Function],
  "getAllByTestId": [Function],
  "getAllByText": [Function],
  "getAllByTitle": [Function],
  "getByAltText": [Function],
  "getByDisplayValue": [Function],
  "getByLabelText": [Function],
  "getByPlaceholderText": [Function],
  "getByRole": [Function],
  "getByTestId": [Function],
  "getByText": [Function],
  "getByTitle": [Function],
  "queryAllByAltText": [Function],
  "queryAllByDisplayValue": [Function],
  "queryAllByLabelText": [Function],
  "queryAllByPlaceholderText": [Function],
  "queryAllByRole": [Function],
  "queryAllByTestId": [Function],
  "queryAllByText": [Function],
  "queryAllByTitle": [Function],
  "queryByAltText": [Function],
  "queryByDisplayValue": [Function],
  "queryByLabelText": [Function],
  "queryByPlaceholderText": [Function],
  "queryByRole": [Function],
  "queryByTestId": [Function],
  "queryByText": [Function],
  "queryByTitle": [Function],
  "rerender": [Function],
  "unmount": [Function],
}
`;
